// Jest Snapshot v1, https://goo.gl/fbAQLP

exports[`shim CJS -> ESM should be able to shim __dirname & __filename 1`] = `
"// shims/esm.mjs
import { fileURLToPath } from "url";
import path from "path";
var getFilename = () => fileURLToPath(import.meta.url);
var getDirname = () => path.dirname(getFilename());
var __dirname = /* @__PURE__ */ getDirname();
var __filename = /* @__PURE__ */ getFilename();

// test/fixtures/dirname-filename.js
console.log(__filename);
console.log(__dirname);
"
`;

exports[`shim CJS -> ESM should be able to shim require 1`] = `
"// shims/esm.mjs
import { createRequire } from "node:module";
var getRequire = () => createRequire(import.meta.url);
var shimRequire = /* @__PURE__ */ getRequire();

// test/fixtures/require.resolve.js
console.log(shimRequire.resolve(".foo"));
"
`;

exports[`shim ESM -> CJS should be able to shim import.meta.url 1`] = `
""use strict";

// shims/cjs.js
var getImportMetaUrl = () => require("url").pathToFileURL(__filename).toString();
var importMetaUrl = /* @__PURE__ */ getImportMetaUrl();

// test/fixtures/esm.mjs
var import_path = require("path");
var import_url = require("url");
var __dirname = (0, import_path.dirname)((0, import_url.fileURLToPath)(importMetaUrl));
console.log(__dirname);
"
`;
